// Jest Snapshot v1, https://goo.gl/fbAQLP

exports[`:misc [POST /notFound] Should get 404 1`] = `
Object {
  "error": Object {
    "status": 404,
  },
}
`;
